// Vitest Snapshot v1, https://vitest.dev/guide/snapshot.html

exports[`lang > promptsLang > should create prompts lang 1`] = `
{
  "body": {
    "hint": "...supports multi line, press enter to go to next line",
    "message": "Add a longer description
",
  },
  "breaking": {
    "hint": "[2m...skip when none[22m",
    "message": "[1mAdd any breaking changes[22m
  [31mBREAKING CHANGE:[39m",
  },
  "scope": {
    "hint": "[2m...type or use arrow keys[22m",
    "message": "Choose the scope",
  },
  "subject": {
    "message": "Add a short description",
  },
  "type": {
    "hint": "[2m...type or use arrow keys[22m",
    "message": "Choose the type",
  },
}
`;
