// Vitest Snapshot v1, https://vitest.dev/guide/snapshot.html

exports[`lang > promptsLang > should create prompts lang 1`] = `
{
  "body": {
    "hint": "...supports multi line, press enter to go to next line",
    "message": "Add a longer description
",
  },
  "breaking": {
    "hint": "...skip when none",
    "message": "Add any breaking changes
  BREAKING CHANGE:",
  },
  "scope": {
    "hint": "...type or use arrow keys",
    "message": "Choose the scope",
  },
  "subject": {
    "message": "Add a short description",
  },
  "type": {
    "hint": "...type or use arrow keys",
    "message": "Choose the type",
  },
}
`;
