// Vitest Snapshot v1, https://vitest.dev/guide/snapshot.html

exports[`lang > should create lang 1`] = `
{
  "description": "interactive conventional commits cli",
  "examples": "
  $ gitzy
  $ gitzy -p -a
  $ gitzy -m "added cool new feature" -t "feat" -s "amazing"
  $ gitzy -lD --no-emoji
  ",
  "flags": {
    "body": "skip "body" question and provide your own "body" message",
    "breaking": "skip "breaking" question and provide your own "breaking" message",
    "commitlint": "leverage commitlint's configuration",
    "dryRun": "displays git message but does not commit",
    "issues": "skip "issues" question and provide your own "issues" message",
    "noEmoji": "disable all emojis",
    "passthrough": "subsequent command line args passed through to "git"",
    "retry": "retries previous commit, skips all prompts",
    "scope": "skip "scope" question and provide your own "scope" message",
    "skip": "skip questions",
    "subject": "skip "subject" question and provide your own "subject" message",
    "type": "skip "type" question and provide your own "type" message",
  },
}
`;
